<html>
<body>
<pre>
<h1>µVision Build Log</h1>
<h2>Tool Versions:</h2>
IDE-Version: ¦ÌVision V5.24.2.0
Copyright (C) 2017 ARM Ltd and ARM Germany GmbH. All rights reserved.
License Information: 1 miku666, 1, LIC=SDA0P-M2CB7-2Z6W4-FI53M-WWZZL-UT2CL
 
Tool Versions:
Toolchain:       MDK-ARM Plus  Version: 5.24.1
Toolchain Path:  D:\keil5\ARM\ARMCC\Bin
C Compiler:      Armcc.exe V5.06 update 5 (build 528)
Assembler:       Armasm.exe V5.06 update 5 (build 528)
Linker/Locator:  ArmLink.exe V5.06 update 5 (build 528)
Library Manager: ArmAr.exe V5.06 update 5 (build 528)
Hex Converter:   FromElf.exe V5.06 update 5 (build 528)
CPU DLL:         SARMCM3.DLL V5.24.1
Dialog DLL:      DCM.DLL V1.16.0.0
Target DLL:      STLink\ST-LINKIII-KEIL_SWO.dll V3.0.1.0
Dialog DLL:      TCM.DLL V1.32.0.0
 
<h2>Project:</h2>
D:\AWORK\04_Archives\SOFT\stm32\project\h750\alu_rebuild_release\alu_rebuild_release\alu_rebuild_release\MDK-ARM\alu_rebuild.uvprojx
Project File Date:  04/16/2026

<h2>Output:</h2>
*** Using Compiler 'V5.06 update 5 (build 528)', folder: 'D:\keil5\ARM\ARMCC\Bin'
Rebuild target 'alu_rebuild'
assembling startup_stm32h750xx.s...
compiling crc.c...
compiling dac.c...
compiling alu_main.c...
compiling gpio.c...
compiling freertos.c...
compiling main.c...
../Core/Src/main.c(74): warning:  #177-D: function "MPU_Initialize"  was declared but never referenced
  static void MPU_Initialize(void);
../Core/Src/main.c: 1 warning, 0 errors
compiling dma.c...
compiling ltdc.c...
compiling fmc.c...
compiling dma2d.c...
compiling mdma.c...
compiling spi.c...
compiling tim.c...
compiling sdmmc.c...
compiling usart.c...
compiling stm32h7xx_it.c...
compiling stm32h7xx_hal_msp.c...
compiling stm32h7xx_hal_timebase_tim.c...
compiling bsp_driver_sd.c...
compiling fatfs_platform.c...
compiling sd_diskio.c...
compiling TouchGFXHAL.cpp...
compiling fatfs.c...
compiling TouchGFXGPIO.cpp...
compiling OSWrappers.cpp...
compiling STM32TouchController.cpp...
compiling app_touchgfx.c...
compiling STM32DMA.cpp...
compiling TouchGFXConfiguration.cpp...
compiling TouchGFXGeneratedHAL.cpp...
compiling stm32h7xx_hal_cortex.c...
compiling stm32h7xx_hal_crc.c...
compiling stm32h7xx_hal_tim_ex.c...
compiling stm32h7xx_hal_crc_ex.c...
compiling stm32h7xx_hal_rcc.c...
compiling stm32h7xx_hal_flash.c...
compiling stm32h7xx_hal_tim.c...
compiling stm32h7xx_hal_rcc_ex.c...
compiling stm32h7xx_hal_flash_ex.c...
compiling stm32h7xx_hal_hsem.c...
compiling stm32h7xx_hal_gpio.c...
compiling stm32h7xx_hal_dma_ex.c...
compiling stm32h7xx_hal_pwr.c...
compiling stm32h7xx_hal_mdma.c...
compiling stm32h7xx_hal_pwr_ex.c...
compiling stm32h7xx_hal.c...
compiling stm32h7xx_hal_dma.c...
compiling stm32h7xx_hal_i2c_ex.c...
compiling stm32h7xx_hal_exti.c...
compiling stm32h7xx_hal_dac.c...
compiling stm32h7xx_hal_dac_ex.c...
compiling stm32h7xx_hal_i2c.c...
compiling stm32h7xx_hal_dma2d.c...
compiling stm32h7xx_ll_fmc.c...
compiling stm32h7xx_hal_nor.c...
compiling stm32h7xx_hal_nand.c...
compiling stm32h7xx_hal_sram.c...
compiling stm32h7xx_hal_sdram.c...
compiling stm32h7xx_hal_ltdc_ex.c...
compiling stm32h7xx_hal_ltdc.c...
compiling stm32h7xx_ll_delayblock.c...
compiling stm32h7xx_ll_sdmmc.c...
compiling stm32h7xx_hal_mmc.c...
compiling stm32h7xx_hal_sd_ex.c...
compiling stm32h7xx_hal_mmc_ex.c...
compiling stm32h7xx_hal_sd.c...
compiling stm32h7xx_hal_spi_ex.c...
compiling stm32h7xx_hal_spi.c...
compiling stm32h7xx_hal_uart_ex.c...
compiling system_stm32h7xx.c...
compiling diskio.c...
compiling ff_gen_drv.c...
compiling croutine.c...
compiling stm32h7xx_hal_uart.c...
compiling event_groups.c...
compiling list.c...
compiling syscall.c...
compiling queue.c...
compiling stream_buffer.c...
compiling cc936.c...
compiling timers.c...
compiling tasks.c...
compiling heap_4.c...
compiling cmsis_os.c...
compiling port.c...
compiling ff.c...
compiling Model.cpp...
compiling FileNameCnt.cpp...
compiling FrontendApplication.cpp...
compiling Screen1Presenter.cpp...
compiling ApplicationFontProvider.cpp...
compiling ScrLaunchPresenter.cpp...
compiling ScrLaunchView.cpp...
compiling Screen1View.cpp...
compiling BitmapDatabase.cpp...
compiling CachedFont.cpp...
compiling Font_AdobeHeitiStd_Regular_otf_30_4bpp_0.cpp...
compiling Font_AdobeHeitiStd_Regular_otf_30_4bpp_10.cpp...
compiling Font_AdobeHeitiStd_Regular_otf_30_4bpp_11.cpp...
compiling ScrMainPresenter.cpp...
compiling Font_AdobeHeitiStd_Regular_otf_30_4bpp_12.cpp...
compiling ScrMainView.cpp...
compiling Font_AdobeHeitiStd_Regular_otf_30_4bpp_13.cpp...
compiling Font_AdobeHeitiStd_Regular_otf_30_4bpp_14.cpp...
compiling Font_AdobeHeitiStd_Regular_otf_30_4bpp_18.cpp...
compiling Font_AdobeHeitiStd_Regular_otf_30_4bpp_17.cpp...
compiling Font_AdobeHeitiStd_Regular_otf_30_4bpp_31.cpp...
compiling Font_AdobeHeitiStd_Regular_otf_30_4bpp_4.cpp...
compiling Font_AdobeHeitiStd_Regular_otf_30_4bpp_9.cpp...
compiling Font_AdobeHeitiStd_Regular_otf_40_4bpp_0.cpp...
compiling FileNameCntBase.cpp...
compiling Font_AdobeHeitiStd_Regular_otf_40_4bpp_10.cpp...
compiling Font_AdobeHeitiStd_Regular_otf_40_4bpp_14.cpp...
compiling Font_AdobeHeitiStd_Regular_otf_40_4bpp_31.cpp...
compiling Font_AdobeHeitiStd_Regular_otf_40_4bpp_18.cpp...
compiling Font_AdobeHeitiStd_Regular_otf_40_4bpp_4.cpp...
compiling Font_times_10_4bpp_0.cpp...
compiling Font_times_10_4bpp_4.cpp...
compiling Font_verdana_40_4bpp_0.cpp...
compiling Font_verdana_20_4bpp_0.cpp...
compiling GeneratedFont.cpp...
compiling image_Blue_Buttons_Round_Edge_small.cpp...
compiling FontCache.cpp...
compiling image_Blue_Buttons_Round_Edge_small_pressed.cpp...
compiling image_Blue_Togglebars_Toggle_round_large_button_OFF.cpp...
compiling image_Blue_Togglebars_Toggle_round_large_button_ON.cpp...
compiling image_cache.cpp...
compiling image_del_blue.cpp...
compiling image_del_yellow.cpp...
compiling image_del_white.cpp...
compiling image_file_open_blue.cpp...
compiling image_file_open_yellow.cpp...
compiling image_ico_add.cpp...
compiling image_ico_add_activate.cpp...
compiling image_ico_dev.cpp...
compiling FrontendApplicationBase.cpp...
compiling image_ico_file.cpp...
compiling image_ico_file_activate.cpp...
compiling image_ico_dev_activate.cpp...
compiling Kerning_AdobeHeitiStd_Regular_otf_30_4bpp.cpp...
compiling Kerning_AdobeHeitiStd_Regular_otf_40_4bpp.cpp...
compiling Kerning_times_10_4bpp.cpp...
compiling Kerning_verdana_20_4bpp.cpp...
compiling Kerning_verdana_40_4bpp.cpp...
compiling LanguageGb.cpp...
compiling Table_AdobeHeitiStd_Regular_otf_30_4bpp.cpp...
compiling Table_AdobeHeitiStd_Regular_otf_40_4bpp.cpp...
compiling Table_verdana_20_4bpp.cpp...
compiling Table_times_10_4bpp.cpp...
compiling Table_verdana_40_4bpp.cpp...
compiling Texts.cpp...
compiling TypedTextDatabase.cpp...
compiling UnmappedDataFont.cpp...
compiling ScrLaunchViewBase.cpp...
compiling ScrMainViewBase.cpp...
compiling alu_control.c...
compiling alu_temp.c...
compiling touch_800x480.c...
compiling Screen1ViewBase.cpp...
compiling alu_file.c...
compiling touch_iic.c...
compiling ads1118.c...
compiling temp_filter.c...
compiling thermocouple.c...
compiling ui_task.c...
compiling advanced_pid.c...
compiling task_control.c...
compiling fuzzy_pid.c...
compiling pid.c...
compiling pid_storage.c...
linking...
Program Size: Code=135952 RO-data=418260 RW-data=760 ZI-data=420280  
".\alu_rebuild\alu_rebuild.axf" - 0 Error(s), 1 Warning(s).

<h2>Software Packages used:</h2>

Package Vendor: ARM
                http://www.keil.com/pack/ARM.CMSIS.5.0.1.pack
                ARM.CMSIS.5.0.1
                CMSIS (Cortex Microcontroller Software Interface Standard)
   * Component: CORE Version: 5.0.1

Package Vendor: Keil
                http://www.keil.com/pack/Keil.STM32H7xx_DFP.3.0.0.pack
                Keil.STM32H7xx_DFP.3.0.0
                STMicroelectronics STM32H7 Series Device Support and Examples

<h2>Collection of Component include folders:</h2>
  .\RTE\_alu_rebuild
  D:\keil5\ARM\PACK\ARM\CMSIS\5.0.1\CMSIS\Include
  D:\keil5\ARM\PACK\Keil\STM32H7xx_DFP\3.0.0\Drivers\CMSIS\Device\ST\STM32H7xx\Include

<h2>Collection of Component Files used:</h2>

   * Component: ARM::CMSIS:CORE:5.0.1
Build Time Elapsed:  00:00:14
</pre>
</body>
</html>
